<html>
<body>
<pre>
<h1>µVision Build Log</h1>
<h2>Tool Versions:</h2>
IDE-Version: µVision V5.43.1.0
Copyright (C) 2025 ARM Ltd and ARM Germany GmbH. All rights reserved.
License Information: Niranjan Telkikar, UT Austin, LIC=0YKZ3-USY29-U9RG4-TP7HX-MI3FH-T058F
 
Tool Versions:
Toolchain:       MDK-ARM Community  Version: 5.43.0.0
Toolchain Path:  C:\Users\niran\AppData\Local\Keil_v5\ARM\ARMCLANG\Bin
C Compiler:      ArmClang.exe V6.24
Assembler:       Armasm.exe V6.24
Linker/Locator:  ArmLink.exe V6.24
Library Manager: ArmAr.exe V6.24
Hex Converter:   FromElf.exe V6.24
CPU DLL:         SARMCM3.DLL V5.43.0.0
Dialog DLL:      DCM.DLL V1.17.5.0
Target DLL:      lmidk-agdi.dll V???
Dialog DLL:      TCM.DLL V1.56.6.0
 
<h2>Project:</h2>
C:\Users\niran\Desktop\ECE445L\LabStarterFilesv3\lab-7-and-10-project-nnat\sw\src\Lab7.uvprojx
Project File Date:  11/03/2025

<h2>Output:</h2>
*** Using Compiler 'V6.24', folder: 'C:\Users\niran\AppData\Local\Keil_v5\ARM\ARMCLANG\Bin'
Rebuild target 'Lab5'
assembling startup.s...
compiling Switch.c...
compiling PLL.c...
compiling Visualizer.c...
compiling SysTickInts.c...
compiling TLV5616.c...
compiling ST7735.c...
linking...
Program Size: Code=2948 RO-data=160 RW-data=4 ZI-data=1056  
".\Lab5.axf" - 0 Error(s), 0 Warning(s).

<h2>Software Packages used:</h2>

Package Vendor: ARM
                https://www.keil.com/pack/ARM.CMSIS.6.2.0.pack
                ARM::CMSIS@6.2.0
                CMSIS (Common Microcontroller Software Interface Standard)
   * Component: CORE Version: 6.1.1

Package Vendor: Keil
                http://www.keil.com/pack/Keil.LM4F_DFP.1.0.0.pack
                Keil::LM4F_DFP@1.0.0
                Texas Instruments LM4F Series Device Support

<h2>Collection of Component include folders:</h2>
  ./RTE/_Lab5
  C:/Users/niran/AppData/Local/Arm/Packs/ARM/CMSIS/6.2.0/CMSIS/Core/Include
  C:/Users/niran/AppData/Local/Arm/Packs/Keil/LM4F_DFP/1.0.0/Device/Include

<h2>Collection of Component Files used:</h2>

   * Component: ARM::CMSIS:CORE@6.1.1
Build Time Elapsed:  00:00:01
</pre>
</body>
</html>
