Component: Arm Compiler for Embedded 6.24 Tool: armlink [5f371500]

==============================================================================

Section Cross References

    startup.o(RESET) refers to startup.o(STACK) for StackMem
    startup.o(RESET) refers to entry.o(.ARM.Collect$$$$00000000) for __main
    switch.o(.ARM.exidx.text.SwitchInit) refers to switch.o(.text.SwitchInit) for [Anonymous Symbol]
    st7735.o(.ARM.exidx.text.Delay1ms) refers to st7735.o(.text.Delay1ms) for [Anonymous Symbol]
    st7735.o(.text.ST7735_InitB) refers to st7735.o(.rodata.Bcmd) for Bcmd
    st7735.o(.text.ST7735_InitB) refers to st7735.o(.text.commonInit) for commonInit
    st7735.o(.text.ST7735_InitB) refers to st7735.o(.bss.StX) for StX
    st7735.o(.text.ST7735_InitB) refers to st7735.o(.bss.StY) for StY
    st7735.o(.text.ST7735_InitB) refers to st7735.o(.data.StTextColor) for StTextColor
    st7735.o(.text.ST7735_InitB) refers to st7735.o(.bss._width) for _width
    st7735.o(.text.ST7735_InitB) refers to st7735.o(.bss._height) for _height
    st7735.o(.text.ST7735_InitB) refers to st7735.o(.text.setAddrWindow) for setAddrWindow
    st7735.o(.ARM.exidx.text.ST7735_InitB) refers to st7735.o(.text.ST7735_InitB) for [Anonymous Symbol]
    st7735.o(.text.commonInit) refers to st7735.o(.bss.RowStart) for RowStart
    st7735.o(.text.commonInit) refers to st7735.o(.bss.ColStart) for ColStart
    st7735.o(.text.commonInit) refers to st7735.o(.text.commandList) for commandList
    st7735.o(.ARM.exidx.text.commonInit) refers to st7735.o(.text.commonInit) for [Anonymous Symbol]
    st7735.o(.text.ST7735_SetCursor) refers to st7735.o(.bss.StX) for StX
    st7735.o(.text.ST7735_SetCursor) refers to st7735.o(.bss.StY) for StY
    st7735.o(.ARM.exidx.text.ST7735_SetCursor) refers to st7735.o(.text.ST7735_SetCursor) for [Anonymous Symbol]
    st7735.o(.text.ST7735_FillScreen) refers to st7735.o(.bss._width) for _width
    st7735.o(.text.ST7735_FillScreen) refers to st7735.o(.bss._height) for _height
    st7735.o(.text.ST7735_FillScreen) refers to st7735.o(.text.ST7735_FillRect) for ST7735_FillRect
    st7735.o(.ARM.exidx.text.ST7735_FillScreen) refers to st7735.o(.text.ST7735_FillScreen) for [Anonymous Symbol]
    st7735.o(.text.ST7735_InitR) refers to st7735.o(.rodata.Rcmd1) for Rcmd1
    st7735.o(.text.ST7735_InitR) refers to st7735.o(.text.commonInit) for commonInit
    st7735.o(.text.ST7735_InitR) refers to st7735.o(.rodata.Rcmd2green) for Rcmd2green
    st7735.o(.text.ST7735_InitR) refers to st7735.o(.text.commandList) for commandList
    st7735.o(.text.ST7735_InitR) refers to st7735.o(.bss.ColStart) for ColStart
    st7735.o(.text.ST7735_InitR) refers to st7735.o(.bss.RowStart) for RowStart
    st7735.o(.text.ST7735_InitR) refers to st7735.o(.rodata.Rcmd2red) for Rcmd2red
    st7735.o(.text.ST7735_InitR) refers to st7735.o(.rodata.Rcmd3) for Rcmd3
    st7735.o(.text.ST7735_InitR) refers to st7735.o(.bss.TabColor) for TabColor
    st7735.o(.text.ST7735_InitR) refers to st7735.o(.bss.StX) for StX
    st7735.o(.text.ST7735_InitR) refers to st7735.o(.bss.StY) for StY
    st7735.o(.text.ST7735_InitR) refers to st7735.o(.data.StTextColor) for StTextColor
    st7735.o(.text.ST7735_InitR) refers to st7735.o(.bss._width) for _width
    st7735.o(.text.ST7735_InitR) refers to st7735.o(.bss._height) for _height
    st7735.o(.text.ST7735_InitR) refers to st7735.o(.text.setAddrWindow) for setAddrWindow
    st7735.o(.ARM.exidx.text.ST7735_InitR) refers to st7735.o(.text.ST7735_InitR) for [Anonymous Symbol]
    st7735.o(.ARM.exidx.text.commandList) refers to st7735.o(.text.commandList) for [Anonymous Symbol]
    st7735.o(.text.ST7735_DrawPixel) refers to st7735.o(.bss._width) for _width
    st7735.o(.text.ST7735_DrawPixel) refers to st7735.o(.bss._height) for _height
    st7735.o(.text.ST7735_DrawPixel) refers to st7735.o(.text.setAddrWindow) for setAddrWindow
    st7735.o(.ARM.exidx.text.ST7735_DrawPixel) refers to st7735.o(.text.ST7735_DrawPixel) for [Anonymous Symbol]
    st7735.o(.text.setAddrWindow) refers to st7735.o(.bss.ColStart) for ColStart
    st7735.o(.text.setAddrWindow) refers to st7735.o(.bss.RowStart) for RowStart
    st7735.o(.ARM.exidx.text.setAddrWindow) refers to st7735.o(.text.setAddrWindow) for [Anonymous Symbol]
    st7735.o(.text.ST7735_DrawFastVLine) refers to st7735.o(.bss._width) for _width
    st7735.o(.text.ST7735_DrawFastVLine) refers to st7735.o(.bss._height) for _height
    st7735.o(.text.ST7735_DrawFastVLine) refers to st7735.o(.text.setAddrWindow) for setAddrWindow
    st7735.o(.ARM.exidx.text.ST7735_DrawFastVLine) refers to st7735.o(.text.ST7735_DrawFastVLine) for [Anonymous Symbol]
    st7735.o(.text.ST7735_DrawFastHLine) refers to st7735.o(.bss._width) for _width
    st7735.o(.text.ST7735_DrawFastHLine) refers to st7735.o(.bss._height) for _height
    st7735.o(.text.ST7735_DrawFastHLine) refers to st7735.o(.text.setAddrWindow) for setAddrWindow
    st7735.o(.ARM.exidx.text.ST7735_DrawFastHLine) refers to st7735.o(.text.ST7735_DrawFastHLine) for [Anonymous Symbol]
    st7735.o(.text.ST7735_FillRect) refers to st7735.o(.bss._width) for _width
    st7735.o(.text.ST7735_FillRect) refers to st7735.o(.bss._height) for _height
    st7735.o(.text.ST7735_FillRect) refers to st7735.o(.text.setAddrWindow) for setAddrWindow
    st7735.o(.ARM.exidx.text.ST7735_FillRect) refers to st7735.o(.text.ST7735_FillRect) for [Anonymous Symbol]
    st7735.o(.text.ST7735_DrawSmallCircle) refers to st7735.o(.bss._width) for _width
    st7735.o(.text.ST7735_DrawSmallCircle) refers to st7735.o(.bss._height) for _height
    st7735.o(.text.ST7735_DrawSmallCircle) refers to st7735.o(.rodata.smallCircle) for smallCircle
    st7735.o(.text.ST7735_DrawSmallCircle) refers to st7735.o(.text.setAddrWindow) for setAddrWindow
    st7735.o(.ARM.exidx.text.ST7735_DrawSmallCircle) refers to st7735.o(.text.ST7735_DrawSmallCircle) for [Anonymous Symbol]
    st7735.o(.text.ST7735_DrawCircle) refers to st7735.o(.bss._width) for _width
    st7735.o(.text.ST7735_DrawCircle) refers to st7735.o(.bss._height) for _height
    st7735.o(.text.ST7735_DrawCircle) refers to st7735.o(.rodata.circle) for circle
    st7735.o(.text.ST7735_DrawCircle) refers to st7735.o(.text.setAddrWindow) for setAddrWindow
    st7735.o(.ARM.exidx.text.ST7735_DrawCircle) refers to st7735.o(.text.ST7735_DrawCircle) for [Anonymous Symbol]
    st7735.o(.ARM.exidx.text.ST7735_Color565) refers to st7735.o(.text.ST7735_Color565) for [Anonymous Symbol]
    st7735.o(.ARM.exidx.text.ST7735_SwapColor) refers to st7735.o(.text.ST7735_SwapColor) for [Anonymous Symbol]
    st7735.o(.text.ST7735_DrawBitmap) refers to st7735.o(.bss._width) for _width
    st7735.o(.text.ST7735_DrawBitmap) refers to st7735.o(.bss._height) for _height
    st7735.o(.text.ST7735_DrawBitmap) refers to st7735.o(.text.setAddrWindow) for setAddrWindow
    st7735.o(.ARM.exidx.text.ST7735_DrawBitmap) refers to st7735.o(.text.ST7735_DrawBitmap) for [Anonymous Symbol]
    st7735.o(.text.ST7735_DrawCharS) refers to st7735.o(.bss._width) for _width
    st7735.o(.text.ST7735_DrawCharS) refers to st7735.o(.bss._height) for _height
    st7735.o(.text.ST7735_DrawCharS) refers to st7735.o(.rodata.Font) for Font
    st7735.o(.text.ST7735_DrawCharS) refers to st7735.o(.text.ST7735_FillRect) for ST7735_FillRect
    st7735.o(.text.ST7735_DrawCharS) refers to st7735.o(.text.setAddrWindow) for setAddrWindow
    st7735.o(.ARM.exidx.text.ST7735_DrawCharS) refers to st7735.o(.text.ST7735_DrawCharS) for [Anonymous Symbol]
    st7735.o(.text.ST7735_DrawChar) refers to st7735.o(.bss._width) for _width
    st7735.o(.text.ST7735_DrawChar) refers to st7735.o(.bss._height) for _height
    st7735.o(.text.ST7735_DrawChar) refers to st7735.o(.text.setAddrWindow) for setAddrWindow
    st7735.o(.text.ST7735_DrawChar) refers to st7735.o(.rodata.Font) for Font
    st7735.o(.ARM.exidx.text.ST7735_DrawChar) refers to st7735.o(.text.ST7735_DrawChar) for [Anonymous Symbol]
    st7735.o(.text.ST7735_DrawString) refers to st7735.o(.text.ST7735_DrawCharS) for ST7735_DrawCharS
    st7735.o(.ARM.exidx.text.ST7735_DrawString) refers to st7735.o(.text.ST7735_DrawString) for [Anonymous Symbol]
    st7735.o(.text.fillmessage) refers to st7735.o(.bss.Messageindex) for Messageindex
    st7735.o(.text.fillmessage) refers to st7735.o(.bss.Message) for Message
    st7735.o(.ARM.exidx.text.fillmessage) refers to st7735.o(.text.fillmessage) for [Anonymous Symbol]
    st7735.o(.text.fillmessage4) refers to st7735.o(.bss.Message) for Message
    st7735.o(.text.fillmessage4) refers to st7735.o(.bss.Messageindex) for Messageindex
    st7735.o(.text.fillmessage4) refers to st7735.o(.text.fillmessage) for fillmessage
    st7735.o(.ARM.exidx.text.fillmessage4) refers to st7735.o(.text.fillmessage4) for [Anonymous Symbol]
    st7735.o(.text.fillmessage5) refers to st7735.o(.bss.Message) for Message
    st7735.o(.text.fillmessage5) refers to st7735.o(.bss.Messageindex) for Messageindex
    st7735.o(.text.fillmessage5) refers to st7735.o(.text.fillmessage) for fillmessage
    st7735.o(.ARM.exidx.text.fillmessage5) refers to st7735.o(.text.fillmessage5) for [Anonymous Symbol]
    st7735.o(.text.ST7735_OutUDec) refers to st7735.o(.bss.Messageindex) for Messageindex
    st7735.o(.text.ST7735_OutUDec) refers to st7735.o(.text.fillmessage) for fillmessage
    st7735.o(.text.ST7735_OutUDec) refers to st7735.o(.bss.StY) for StY
    st7735.o(.text.ST7735_OutUDec) refers to st7735.o(.bss.Message) for Message
    st7735.o(.text.ST7735_OutUDec) refers to st7735.o(.bss.StX) for StX
    st7735.o(.text.ST7735_OutUDec) refers to st7735.o(.data.StTextColor) for StTextColor
    st7735.o(.text.ST7735_OutUDec) refers to st7735.o(.text.ST7735_DrawCharS) for ST7735_DrawCharS
    st7735.o(.ARM.exidx.text.ST7735_OutUDec) refers to st7735.o(.text.ST7735_OutUDec) for [Anonymous Symbol]
    st7735.o(.text.ST7735_OutUDec4) refers to st7735.o(.bss.Messageindex) for Messageindex
    st7735.o(.text.ST7735_OutUDec4) refers to st7735.o(.bss.Message) for Message
    st7735.o(.text.ST7735_OutUDec4) refers to st7735.o(.text.fillmessage) for fillmessage
    st7735.o(.text.ST7735_OutUDec4) refers to st7735.o(.bss.StY) for StY
    st7735.o(.text.ST7735_OutUDec4) refers to st7735.o(.bss.StX) for StX
    st7735.o(.text.ST7735_OutUDec4) refers to st7735.o(.data.StTextColor) for StTextColor
    st7735.o(.text.ST7735_OutUDec4) refers to st7735.o(.text.ST7735_DrawCharS) for ST7735_DrawCharS
    st7735.o(.ARM.exidx.text.ST7735_OutUDec4) refers to st7735.o(.text.ST7735_OutUDec4) for [Anonymous Symbol]
    st7735.o(.text.ST7735_OutUDec5) refers to st7735.o(.bss.Messageindex) for Messageindex
    st7735.o(.text.ST7735_OutUDec5) refers to st7735.o(.bss.Message) for Message
    st7735.o(.text.ST7735_OutUDec5) refers to st7735.o(.text.fillmessage) for fillmessage
    st7735.o(.text.ST7735_OutUDec5) refers to st7735.o(.bss.StY) for StY
    st7735.o(.text.ST7735_OutUDec5) refers to st7735.o(.bss.StX) for StX
    st7735.o(.text.ST7735_OutUDec5) refers to st7735.o(.data.StTextColor) for StTextColor
    st7735.o(.text.ST7735_OutUDec5) refers to st7735.o(.text.ST7735_DrawCharS) for ST7735_DrawCharS
    st7735.o(.ARM.exidx.text.ST7735_OutUDec5) refers to st7735.o(.text.ST7735_OutUDec5) for [Anonymous Symbol]
    st7735.o(.text.ST7735_SetRotation) refers to st7735.o(.bss.TabColor) for TabColor
    st7735.o(.text.ST7735_SetRotation) refers to st7735.o(.bss._width) for _width
    st7735.o(.text.ST7735_SetRotation) refers to st7735.o(.bss._height) for _height
    st7735.o(.ARM.exidx.text.ST7735_SetRotation) refers to st7735.o(.text.ST7735_SetRotation) for [Anonymous Symbol]
    st7735.o(.ARM.exidx.text.ST7735_InvertDisplay) refers to st7735.o(.text.ST7735_InvertDisplay) for [Anonymous Symbol]
    st7735.o(.text.ST7735_PlotClear) refers to st7735.o(.bss._height) for _height
    st7735.o(.text.ST7735_PlotClear) refers to st7735.o(.text.setAddrWindow) for setAddrWindow
    st7735.o(.text.ST7735_PlotClear) refers to st7735.o(.bss.Ymax) for Ymax
    st7735.o(.text.ST7735_PlotClear) refers to st7735.o(.bss.Ymin) for Ymin
    st7735.o(.text.ST7735_PlotClear) refers to st7735.o(.bss.Yrange) for Yrange
    st7735.o(.text.ST7735_PlotClear) refers to st7735.o(.bss.X) for X
    st7735.o(.ARM.exidx.text.ST7735_PlotClear) refers to st7735.o(.text.ST7735_PlotClear) for [Anonymous Symbol]
    st7735.o(.text.ST7735_PlotPoint) refers to st7735.o(.bss.Ymin) for Ymin
    st7735.o(.text.ST7735_PlotPoint) refers to st7735.o(.bss.Ymax) for Ymax
    st7735.o(.text.ST7735_PlotPoint) refers to st7735.o(.bss.Yrange) for Yrange
    st7735.o(.text.ST7735_PlotPoint) refers to st7735.o(.bss.X) for X
    st7735.o(.text.ST7735_PlotPoint) refers to st7735.o(.bss._width) for _width
    st7735.o(.text.ST7735_PlotPoint) refers to st7735.o(.bss._height) for _height
    st7735.o(.text.ST7735_PlotPoint) refers to st7735.o(.text.setAddrWindow) for setAddrWindow
    st7735.o(.ARM.exidx.text.ST7735_PlotPoint) refers to st7735.o(.text.ST7735_PlotPoint) for [Anonymous Symbol]
    st7735.o(.text.ST7735_PlotLine) refers to st7735.o(.bss.Ymin) for Ymin
    st7735.o(.text.ST7735_PlotLine) refers to st7735.o(.bss.Ymax) for Ymax
    st7735.o(.text.ST7735_PlotLine) refers to st7735.o(.bss.Yrange) for Yrange
    st7735.o(.text.ST7735_PlotLine) refers to st7735.o(.bss.lastj) for lastj
    st7735.o(.text.ST7735_PlotLine) refers to st7735.o(.bss.X) for X
    st7735.o(.text.ST7735_PlotLine) refers to st7735.o(.bss._width) for _width
    st7735.o(.text.ST7735_PlotLine) refers to st7735.o(.bss._height) for _height
    st7735.o(.text.ST7735_PlotLine) refers to st7735.o(.text.setAddrWindow) for setAddrWindow
    st7735.o(.ARM.exidx.text.ST7735_PlotLine) refers to st7735.o(.text.ST7735_PlotLine) for [Anonymous Symbol]
    st7735.o(.text.ST7735_PlotPoints) refers to st7735.o(.bss.Ymin) for Ymin
    st7735.o(.text.ST7735_PlotPoints) refers to st7735.o(.bss.Ymax) for Ymax
    st7735.o(.text.ST7735_PlotPoints) refers to st7735.o(.bss.X) for X
    st7735.o(.text.ST7735_PlotPoints) refers to st7735.o(.bss.Yrange) for Yrange
    st7735.o(.text.ST7735_PlotPoints) refers to st7735.o(.bss._width) for _width
    st7735.o(.text.ST7735_PlotPoints) refers to st7735.o(.bss._height) for _height
    st7735.o(.text.ST7735_PlotPoints) refers to st7735.o(.text.setAddrWindow) for setAddrWindow
    st7735.o(.ARM.exidx.text.ST7735_PlotPoints) refers to st7735.o(.text.ST7735_PlotPoints) for [Anonymous Symbol]
    st7735.o(.text.ST7735_PlotBar) refers to st7735.o(.bss.Ymin) for Ymin
    st7735.o(.text.ST7735_PlotBar) refers to st7735.o(.bss.Ymax) for Ymax
    st7735.o(.text.ST7735_PlotBar) refers to st7735.o(.bss.X) for X
    st7735.o(.text.ST7735_PlotBar) refers to st7735.o(.bss._width) for _width
    st7735.o(.text.ST7735_PlotBar) refers to st7735.o(.bss.Yrange) for Yrange
    st7735.o(.text.ST7735_PlotBar) refers to st7735.o(.bss._height) for _height
    st7735.o(.text.ST7735_PlotBar) refers to st7735.o(.text.setAddrWindow) for setAddrWindow
    st7735.o(.ARM.exidx.text.ST7735_PlotBar) refers to st7735.o(.text.ST7735_PlotBar) for [Anonymous Symbol]
    st7735.o(.text.ST7735_PlotdBfs) refers to st7735.o(.bss.X) for X
    st7735.o(.text.ST7735_PlotdBfs) refers to st7735.o(.bss._width) for _width
    st7735.o(.text.ST7735_PlotdBfs) refers to st7735.o(.rodata.dBfs) for dBfs
    st7735.o(.text.ST7735_PlotdBfs) refers to st7735.o(.bss._height) for _height
    st7735.o(.text.ST7735_PlotdBfs) refers to st7735.o(.text.setAddrWindow) for setAddrWindow
    st7735.o(.ARM.exidx.text.ST7735_PlotdBfs) refers to st7735.o(.text.ST7735_PlotdBfs) for [Anonymous Symbol]
    st7735.o(.text.ST7735_PlotNext) refers to st7735.o(.bss.X) for X
    st7735.o(.ARM.exidx.text.ST7735_PlotNext) refers to st7735.o(.text.ST7735_PlotNext) for [Anonymous Symbol]
    st7735.o(.text.ST7735_PlotNextErase) refers to st7735.o(.bss.X) for X
    st7735.o(.text.ST7735_PlotNextErase) refers to st7735.o(.bss._width) for _width
    st7735.o(.text.ST7735_PlotNextErase) refers to st7735.o(.bss._height) for _height
    st7735.o(.text.ST7735_PlotNextErase) refers to st7735.o(.text.setAddrWindow) for setAddrWindow
    st7735.o(.ARM.exidx.text.ST7735_PlotNextErase) refers to st7735.o(.text.ST7735_PlotNextErase) for [Anonymous Symbol]
    st7735.o(.text.ST7735_OutChar) refers to st7735.o(.bss.StY) for StY
    st7735.o(.text.ST7735_OutChar) refers to st7735.o(.bss.StX) for StX
    st7735.o(.text.ST7735_OutChar) refers to st7735.o(.data.StTextColor) for StTextColor
    st7735.o(.text.ST7735_OutChar) refers to st7735.o(.text.ST7735_DrawCharS) for ST7735_DrawCharS
    st7735.o(.ARM.exidx.text.ST7735_OutChar) refers to st7735.o(.text.ST7735_OutChar) for [Anonymous Symbol]
    st7735.o(.text.ST7735_OutString) refers to st7735.o(.text.ST7735_OutChar) for ST7735_OutChar
    st7735.o(.ARM.exidx.text.ST7735_OutString) refers to st7735.o(.text.ST7735_OutString) for [Anonymous Symbol]
    st7735.o(.text.ST7735_SetTextColor) refers to st7735.o(.data.StTextColor) for StTextColor
    st7735.o(.ARM.exidx.text.ST7735_SetTextColor) refers to st7735.o(.text.ST7735_SetTextColor) for [Anonymous Symbol]
    st7735.o(.text.fputc) refers to st7735.o(.text.ST7735_OutChar) for ST7735_OutChar
    st7735.o(.ARM.exidx.text.fputc) refers to st7735.o(.text.fputc) for [Anonymous Symbol]
    st7735.o(.ARM.exidx.text.fgetc) refers to st7735.o(.text.fgetc) for [Anonymous Symbol]
    st7735.o(.ARM.exidx.text.ferror) refers to st7735.o(.text.ferror) for [Anonymous Symbol]
    st7735.o(.text.Output_Init) refers to st7735.o(.text.ST7735_InitR) for ST7735_InitR
    st7735.o(.text.Output_Init) refers to st7735.o(.bss._width) for _width
    st7735.o(.text.Output_Init) refers to st7735.o(.bss._height) for _height
    st7735.o(.text.Output_Init) refers to st7735.o(.text.setAddrWindow) for setAddrWindow
    st7735.o(.ARM.exidx.text.Output_Init) refers to st7735.o(.text.Output_Init) for [Anonymous Symbol]
    st7735.o(.text.Output_Clear) refers to st7735.o(.bss._width) for _width
    st7735.o(.text.Output_Clear) refers to st7735.o(.bss._height) for _height
    st7735.o(.text.Output_Clear) refers to st7735.o(.text.setAddrWindow) for setAddrWindow
    st7735.o(.ARM.exidx.text.Output_Clear) refers to st7735.o(.text.Output_Clear) for [Anonymous Symbol]
    st7735.o(.text.Output_Off) refers to st7735.o(.bss._width) for _width
    st7735.o(.text.Output_Off) refers to st7735.o(.bss._height) for _height
    st7735.o(.text.Output_Off) refers to st7735.o(.text.setAddrWindow) for setAddrWindow
    st7735.o(.ARM.exidx.text.Output_Off) refers to st7735.o(.text.Output_Off) for [Anonymous Symbol]
    st7735.o(.text.Output_On) refers to st7735.o(.text.ST7735_InitR) for ST7735_InitR
    st7735.o(.text.Output_On) refers to st7735.o(.bss._width) for _width
    st7735.o(.text.Output_On) refers to st7735.o(.bss._height) for _height
    st7735.o(.text.Output_On) refers to st7735.o(.text.setAddrWindow) for setAddrWindow
    st7735.o(.ARM.exidx.text.Output_On) refers to st7735.o(.text.Output_On) for [Anonymous Symbol]
    st7735.o(.text.Output_Color) refers to st7735.o(.data.StTextColor) for StTextColor
    st7735.o(.ARM.exidx.text.Output_Color) refers to st7735.o(.text.Output_Color) for [Anonymous Symbol]
    st7735.o(.ARM.exidx.text.ST7735_sDecOut2) refers to st7735.o(.text.ST7735_sDecOut2) for [Anonymous Symbol]
    st7735.o(.ARM.exidx.text.ST7735_uBinOut6) refers to st7735.o(.text.ST7735_uBinOut6) for [Anonymous Symbol]
    st7735.o(.ARM.exidx.text.ST7735_XYplotInit) refers to st7735.o(.text.ST7735_XYplotInit) for [Anonymous Symbol]
    st7735.o(.ARM.exidx.text.ST7735_XYplot) refers to st7735.o(.text.ST7735_XYplot) for [Anonymous Symbol]
    st7735.o(.text.plotLineX) refers to st7735.o(.bss._width) for _width
    st7735.o(.text.plotLineX) refers to st7735.o(.bss._height) for _height
    st7735.o(.text.plotLineX) refers to st7735.o(.text.setAddrWindow) for setAddrWindow
    st7735.o(.ARM.exidx.text.plotLineX) refers to st7735.o(.text.plotLineX) for [Anonymous Symbol]
    st7735.o(.text.plotLineY) refers to st7735.o(.bss._width) for _width
    st7735.o(.text.plotLineY) refers to st7735.o(.bss._height) for _height
    st7735.o(.text.plotLineY) refers to st7735.o(.text.setAddrWindow) for setAddrWindow
    st7735.o(.ARM.exidx.text.plotLineY) refers to st7735.o(.text.plotLineY) for [Anonymous Symbol]
    st7735.o(.text.ST7735_Line) refers to st7735.o(.text.plotLineX) for plotLineX
    st7735.o(.text.ST7735_Line) refers to st7735.o(.text.plotLineY) for plotLineY
    st7735.o(.ARM.exidx.text.ST7735_Line) refers to st7735.o(.text.ST7735_Line) for [Anonymous Symbol]
    st7735.o(.text.ST7735_SetX) refers to st7735.o(.bss.X) for X
    st7735.o(.ARM.exidx.text.ST7735_SetX) refers to st7735.o(.text.ST7735_SetX) for [Anonymous Symbol]
    st7735.o(.text.ST7735_DrawLine) refers to st7735.o(.bss._width) for _width
    st7735.o(.text.ST7735_DrawLine) refers to st7735.o(.bss._height) for _height
    st7735.o(.text.ST7735_DrawLine) refers to st7735.o(.text.setAddrWindow) for setAddrWindow
    st7735.o(.ARM.exidx.text.ST7735_DrawLine) refers to st7735.o(.text.ST7735_DrawLine) for [Anonymous Symbol]
    tlv5616.o(.ARM.exidx.text.DAC_Init) refers to tlv5616.o(.text.DAC_Init) for [Anonymous Symbol]
    tlv5616.o(.ARM.exidx.text.DAC_Out) refers to tlv5616.o(.text.DAC_Out) for [Anonymous Symbol]
    tlv5616.o(.ARM.exidx.text.DAC_Out_NB) refers to tlv5616.o(.text.DAC_Out_NB) for [Anonymous Symbol]
    pll.o(.ARM.exidx.text.PLL_Init) refers to pll.o(.text.PLL_Init) for [Anonymous Symbol]
    systickints.o(.text.SysTick_Init) refers to startup.o(.text) for StartCritical
    systickints.o(.ARM.exidx.text.SysTick_Init) refers to systickints.o(.text.SysTick_Init) for [Anonymous Symbol]
    visualizer.o(.ARM.exidx.text.ADC_Init) refers to visualizer.o(.text.ADC_Init) for [Anonymous Symbol]
    visualizer.o(.ARM.exidx.text.ADC_In) refers to visualizer.o(.text.ADC_In) for [Anonymous Symbol]
    visualizer.o(.text.Visualize) refers to visualizer.o(.bss.bass_amplitude) for bass_amplitude
    visualizer.o(.text.Visualize) refers to visualizer.o(.bss.xpos) for xpos
    visualizer.o(.text.Visualize) refers to st7735.o(.text.ST7735_DrawFastVLine) for ST7735_DrawFastVLine
    visualizer.o(.text.Visualize) refers to st7735.o(.text.ST7735_DrawPixel) for ST7735_DrawPixel
    visualizer.o(.ARM.exidx.text.Visualize) refers to visualizer.o(.text.Visualize) for [Anonymous Symbol]
    visualizer.o(.text.main) refers to pll.o(.text.PLL_Init) for PLL_Init
    visualizer.o(.text.main) refers to st7735.o(.text.ST7735_InitR) for ST7735_InitR
    visualizer.o(.text.main) refers to st7735.o(.text.ST7735_FillScreen) for ST7735_FillScreen
    visualizer.o(.text.main) refers to visualizer.o(.bss.bass_amplitude) for bass_amplitude
    visualizer.o(.text.main) refers to visualizer.o(.bss.xpos) for xpos
    visualizer.o(.text.main) refers to st7735.o(.text.ST7735_DrawFastVLine) for ST7735_DrawFastVLine
    visualizer.o(.text.main) refers to st7735.o(.text.ST7735_DrawPixel) for ST7735_DrawPixel
    visualizer.o(.ARM.exidx.text.main) refers to visualizer.o(.text.main) for [Anonymous Symbol]
    entry.o(.ARM.Collect$$$$00000000) refers (Special) to entry10a.o(.ARM.Collect$$$$0000000D) for __rt_final_cpp
    entry.o(.ARM.Collect$$$$00000000) refers (Special) to entry11a.o(.ARM.Collect$$$$0000000F) for __rt_final_exit
    entry.o(.ARM.Collect$$$$00000000) refers (Special) to entry7b.o(.ARM.Collect$$$$00000008) for _main_clock
    entry.o(.ARM.Collect$$$$00000000) refers (Special) to entry8b.o(.ARM.Collect$$$$0000000A) for _main_cpp_init
    entry.o(.ARM.Collect$$$$00000000) refers (Special) to entry9a.o(.ARM.Collect$$$$0000000B) for _main_init
    entry.o(.ARM.Collect$$$$00000000) refers (Special) to entry5.o(.ARM.Collect$$$$00000004) for _main_scatterload
    entry.o(.ARM.Collect$$$$00000000) refers (Special) to entry2.o(.ARM.Collect$$$$00000001) for _main_stk
    entry2.o(.ARM.Collect$$$$00000001) refers to entry2.o(.ARM.Collect$$$$00002712) for __lit__00000000
    entry2.o(.ARM.Collect$$$$00002712) refers to startup.o(STACK) for __initial_sp
    entry2.o(__vectab_stack_and_reset_area) refers to startup.o(STACK) for __initial_sp
    entry2.o(__vectab_stack_and_reset_area) refers to entry.o(.ARM.Collect$$$$00000000) for __main
    entry5.o(.ARM.Collect$$$$00000004) refers to init.o(.text) for __scatterload
    entry9a.o(.ARM.Collect$$$$0000000B) refers to visualizer.o(.text.main) for main
    entry9b.o(.ARM.Collect$$$$0000000C) refers to visualizer.o(.text.main) for main
    init.o(.text) refers to entry5.o(.ARM.Collect$$$$00000004) for __main_after_scatterload


==============================================================================

Removing Unused input sections from the image.

    Removing startup.o(HEAP), (0 bytes).
    Removing startup.o(.text), (28 bytes).
    Removing switch.o(.text), (0 bytes).
    Removing switch.o(.text.SwitchInit), (46 bytes).
    Removing switch.o(.ARM.exidx.text.SwitchInit), (8 bytes).
    Removing st7735.o(.text), (0 bytes).
    Removing st7735.o(.text.Delay1ms), (42 bytes).
    Removing st7735.o(.ARM.exidx.text.Delay1ms), (8 bytes).
    Removing st7735.o(.text.ST7735_InitB), (184 bytes).
    Removing st7735.o(.ARM.exidx.text.ST7735_InitB), (8 bytes).
    Removing st7735.o(.ARM.exidx.text.commonInit), (8 bytes).
    Removing st7735.o(.text.ST7735_SetCursor), (32 bytes).
    Removing st7735.o(.ARM.exidx.text.ST7735_SetCursor), (8 bytes).
    Removing st7735.o(.ARM.exidx.text.ST7735_FillScreen), (8 bytes).
    Removing st7735.o(.ARM.exidx.text.ST7735_InitR), (8 bytes).
    Removing st7735.o(.ARM.exidx.text.commandList), (8 bytes).
    Removing st7735.o(.ARM.exidx.text.ST7735_DrawPixel), (8 bytes).
    Removing st7735.o(.ARM.exidx.text.setAddrWindow), (8 bytes).
    Removing st7735.o(.ARM.exidx.text.ST7735_DrawFastVLine), (8 bytes).
    Removing st7735.o(.text.ST7735_DrawFastHLine), (156 bytes).
    Removing st7735.o(.ARM.exidx.text.ST7735_DrawFastHLine), (8 bytes).
    Removing st7735.o(.ARM.exidx.text.ST7735_FillRect), (8 bytes).
    Removing st7735.o(.text.ST7735_DrawSmallCircle), (210 bytes).
    Removing st7735.o(.ARM.exidx.text.ST7735_DrawSmallCircle), (8 bytes).
    Removing st7735.o(.text.ST7735_DrawCircle), (210 bytes).
    Removing st7735.o(.ARM.exidx.text.ST7735_DrawCircle), (8 bytes).
    Removing st7735.o(.text.ST7735_Color565), (20 bytes).
    Removing st7735.o(.ARM.exidx.text.ST7735_Color565), (8 bytes).
    Removing st7735.o(.text.ST7735_SwapColor), (16 bytes).
    Removing st7735.o(.ARM.exidx.text.ST7735_SwapColor), (8 bytes).
    Removing st7735.o(.text.ST7735_DrawBitmap), (326 bytes).
    Removing st7735.o(.ARM.exidx.text.ST7735_DrawBitmap), (8 bytes).
    Removing st7735.o(.text.ST7735_DrawCharS), (584 bytes).
    Removing st7735.o(.ARM.exidx.text.ST7735_DrawCharS), (8 bytes).
    Removing st7735.o(.text.ST7735_DrawChar), (358 bytes).
    Removing st7735.o(.ARM.exidx.text.ST7735_DrawChar), (8 bytes).
    Removing st7735.o(.text.ST7735_DrawString), (106 bytes).
    Removing st7735.o(.ARM.exidx.text.ST7735_DrawString), (8 bytes).
    Removing st7735.o(.text.fillmessage), (70 bytes).
    Removing st7735.o(.ARM.exidx.text.fillmessage), (8 bytes).
    Removing st7735.o(.text.fillmessage4), (74 bytes).
    Removing st7735.o(.ARM.exidx.text.fillmessage4), (8 bytes).
    Removing st7735.o(.text.fillmessage5), (104 bytes).
    Removing st7735.o(.ARM.exidx.text.fillmessage5), (8 bytes).
    Removing st7735.o(.text.ST7735_OutUDec), (204 bytes).
    Removing st7735.o(.ARM.exidx.text.ST7735_OutUDec), (8 bytes).
    Removing st7735.o(.text.ST7735_OutUDec4), (260 bytes).
    Removing st7735.o(.ARM.exidx.text.ST7735_OutUDec4), (8 bytes).
    Removing st7735.o(.text.ST7735_OutUDec5), (292 bytes).
    Removing st7735.o(.ARM.exidx.text.ST7735_OutUDec5), (8 bytes).
    Removing st7735.o(.text.ST7735_SetRotation), (222 bytes).
    Removing st7735.o(.ARM.exidx.text.ST7735_SetRotation), (8 bytes).
    Removing st7735.o(.text.ST7735_InvertDisplay), (88 bytes).
    Removing st7735.o(.ARM.exidx.text.ST7735_InvertDisplay), (8 bytes).
    Removing st7735.o(.text.ST7735_PlotClear), (186 bytes).
    Removing st7735.o(.ARM.exidx.text.ST7735_PlotClear), (8 bytes).
    Removing st7735.o(.text.ST7735_PlotPoint), (588 bytes).
    Removing st7735.o(.ARM.exidx.text.ST7735_PlotPoint), (8 bytes).
    Removing st7735.o(.text.ST7735_PlotLine), (1006 bytes).
    Removing st7735.o(.ARM.exidx.text.ST7735_PlotLine), (8 bytes).
    Removing st7735.o(.text.ST7735_PlotPoints), (390 bytes).
    Removing st7735.o(.ARM.exidx.text.ST7735_PlotPoints), (8 bytes).
    Removing st7735.o(.text.ST7735_PlotBar), (218 bytes).
    Removing st7735.o(.ARM.exidx.text.ST7735_PlotBar), (8 bytes).
    Removing st7735.o(.text.ST7735_PlotdBfs), (174 bytes).
    Removing st7735.o(.ARM.exidx.text.ST7735_PlotdBfs), (8 bytes).
    Removing st7735.o(.text.ST7735_PlotNext), (22 bytes).
    Removing st7735.o(.ARM.exidx.text.ST7735_PlotNext), (8 bytes).
    Removing st7735.o(.text.ST7735_PlotNextErase), (150 bytes).
    Removing st7735.o(.ARM.exidx.text.ST7735_PlotNextErase), (8 bytes).
    Removing st7735.o(.text.ST7735_OutChar), (284 bytes).
    Removing st7735.o(.ARM.exidx.text.ST7735_OutChar), (8 bytes).
    Removing st7735.o(.text.ST7735_OutString), (32 bytes).
    Removing st7735.o(.ARM.exidx.text.ST7735_OutString), (8 bytes).
    Removing st7735.o(.text.ST7735_SetTextColor), (12 bytes).
    Removing st7735.o(.ARM.exidx.text.ST7735_SetTextColor), (8 bytes).
    Removing st7735.o(.text.fputc), (12 bytes).
    Removing st7735.o(.ARM.exidx.text.fputc), (8 bytes).
    Removing st7735.o(.text.fgetc), (4 bytes).
    Removing st7735.o(.ARM.exidx.text.fgetc), (8 bytes).
    Removing st7735.o(.text.ferror), (6 bytes).
    Removing st7735.o(.ARM.exidx.text.ferror), (8 bytes).
    Removing st7735.o(.text.Output_Init), (144 bytes).
    Removing st7735.o(.ARM.exidx.text.Output_Init), (8 bytes).
    Removing st7735.o(.text.Output_Clear), (140 bytes).
    Removing st7735.o(.ARM.exidx.text.Output_Clear), (8 bytes).
    Removing st7735.o(.text.Output_Off), (140 bytes).
    Removing st7735.o(.ARM.exidx.text.Output_Off), (8 bytes).
    Removing st7735.o(.text.Output_On), (144 bytes).
    Removing st7735.o(.ARM.exidx.text.Output_On), (8 bytes).
    Removing st7735.o(.text.Output_Color), (12 bytes).
    Removing st7735.o(.ARM.exidx.text.Output_Color), (8 bytes).
    Removing st7735.o(.text.ST7735_sDecOut2), (2 bytes).
    Removing st7735.o(.ARM.exidx.text.ST7735_sDecOut2), (8 bytes).
    Removing st7735.o(.text.ST7735_uBinOut6), (2 bytes).
    Removing st7735.o(.ARM.exidx.text.ST7735_uBinOut6), (8 bytes).
    Removing st7735.o(.text.ST7735_XYplotInit), (2 bytes).
    Removing st7735.o(.ARM.exidx.text.ST7735_XYplotInit), (8 bytes).
    Removing st7735.o(.text.ST7735_XYplot), (2 bytes).
    Removing st7735.o(.ARM.exidx.text.ST7735_XYplot), (8 bytes).
    Removing st7735.o(.text.plotLineX), (726 bytes).
    Removing st7735.o(.ARM.exidx.text.plotLineX), (8 bytes).
    Removing st7735.o(.text.plotLineY), (714 bytes).
    Removing st7735.o(.ARM.exidx.text.plotLineY), (8 bytes).
    Removing st7735.o(.text.ST7735_Line), (72 bytes).
    Removing st7735.o(.ARM.exidx.text.ST7735_Line), (8 bytes).
    Removing st7735.o(.text.ST7735_SetX), (16 bytes).
    Removing st7735.o(.ARM.exidx.text.ST7735_SetX), (8 bytes).
    Removing st7735.o(.text.ST7735_DrawLine), (822 bytes).
    Removing st7735.o(.ARM.exidx.text.ST7735_DrawLine), (8 bytes).
    Removing st7735.o(.rodata.Bcmd), (103 bytes).
    Removing st7735.o(.rodata.smallCircle), (36 bytes).
    Removing st7735.o(.rodata.circle), (60 bytes).
    Removing st7735.o(.rodata.Font), (1275 bytes).
    Removing st7735.o(.bss.Message), (12 bytes).
    Removing st7735.o(.bss.Messageindex), (4 bytes).
    Removing st7735.o(.bss.Ymax), (4 bytes).
    Removing st7735.o(.bss.Ymin), (4 bytes).
    Removing st7735.o(.bss.Yrange), (4 bytes).
    Removing st7735.o(.bss.X), (4 bytes).
    Removing st7735.o(.bss.lastj), (4 bytes).
    Removing st7735.o(.rodata.dBfs), (512 bytes).
    Removing tlv5616.o(.text), (0 bytes).
    Removing tlv5616.o(.text.DAC_Init), (132 bytes).
    Removing tlv5616.o(.ARM.exidx.text.DAC_Init), (8 bytes).
    Removing tlv5616.o(.text.DAC_Out), (28 bytes).
    Removing tlv5616.o(.ARM.exidx.text.DAC_Out), (8 bytes).
    Removing tlv5616.o(.text.DAC_Out_NB), (2 bytes).
    Removing tlv5616.o(.ARM.exidx.text.DAC_Out_NB), (8 bytes).
    Removing pll.o(.text), (0 bytes).
    Removing pll.o(.ARM.exidx.text.PLL_Init), (8 bytes).
    Removing systickints.o(.text), (0 bytes).
    Removing systickints.o(.text.SysTick_Init), (52 bytes).
    Removing systickints.o(.ARM.exidx.text.SysTick_Init), (8 bytes).
    Removing visualizer.o(.text), (0 bytes).
    Removing visualizer.o(.text.ADC_Init), (180 bytes).
    Removing visualizer.o(.ARM.exidx.text.ADC_Init), (8 bytes).
    Removing visualizer.o(.text.ADC_In), (32 bytes).
    Removing visualizer.o(.ARM.exidx.text.ADC_In), (8 bytes).
    Removing visualizer.o(.text.Visualize), (110 bytes).
    Removing visualizer.o(.ARM.exidx.text.Visualize), (8 bytes).
    Removing visualizer.o(.ARM.exidx.text.main), (8 bytes).
    Removing visualizer.o(.ARM.use_no_argv), (4 bytes).

143 unused section(s) (total 12744 bytes) removed from the image.

==============================================================================

Image Symbol Table

    Local Symbols

    Symbol Name                              Value     Ov Type        Size  Object(Section)

    ../clib/microlib/init/entry.s            0x00000000   Number         0  entry.o ABSOLUTE
    ../clib/microlib/init/entry.s            0x00000000   Number         0  entry2.o ABSOLUTE
    ../clib/microlib/init/entry.s            0x00000000   Number         0  entry5.o ABSOLUTE
    ../clib/microlib/init/entry.s            0x00000000   Number         0  entry7a.o ABSOLUTE
    ../clib/microlib/init/entry.s            0x00000000   Number         0  entry7b.o ABSOLUTE
    ../clib/microlib/init/entry.s            0x00000000   Number         0  entry8a.o ABSOLUTE
    ../clib/microlib/init/entry.s            0x00000000   Number         0  entry8b.o ABSOLUTE
    ../clib/microlib/init/entry.s            0x00000000   Number         0  entry9a.o ABSOLUTE
    ../clib/microlib/init/entry.s            0x00000000   Number         0  entry9b.o ABSOLUTE
    ../clib/microlib/init/entry.s            0x00000000   Number         0  entry10a.o ABSOLUTE
    ../clib/microlib/init/entry.s            0x00000000   Number         0  entry10b.o ABSOLUTE
    ../clib/microlib/init/entry.s            0x00000000   Number         0  entry11a.o ABSOLUTE
    ../clib/microlib/init/entry.s            0x00000000   Number         0  entry11b.o ABSOLUTE
    PLL.c                                    0x00000000   Number         0  pll.o ABSOLUTE
    ST7735.c                                 0x00000000   Number         0  st7735.o ABSOLUTE
    Switch.c                                 0x00000000   Number         0  switch.o ABSOLUTE
    SysTickInts.c                            0x00000000   Number         0  systickints.o ABSOLUTE
    TLV5616.c                                0x00000000   Number         0  tlv5616.o ABSOLUTE
    Visualizer.c                             0x00000000   Number         0  visualizer.o ABSOLUTE
    dc.s                                     0x00000000   Number         0  dc.o ABSOLUTE
    handlers.s                               0x00000000   Number         0  handlers.o ABSOLUTE
    init.s                                   0x00000000   Number         0  init.o ABSOLUTE
    startup.s                                0x00000000   Number         0  startup.o ABSOLUTE
    RESET                                    0x00000000   Section      644  startup.o(RESET)
    $v0                                      0x0000026c   Number         0  startup.o(RESET)
    .ARM.Collect$$$$00000000                 0x00000284   Section        0  entry.o(.ARM.Collect$$$$00000000)
    .ARM.Collect$$$$00000001                 0x00000284   Section        4  entry2.o(.ARM.Collect$$$$00000001)
    .ARM.Collect$$$$00000004                 0x00000288   Section        4  entry5.o(.ARM.Collect$$$$00000004)
    .ARM.Collect$$$$00000008                 0x0000028c   Section        0  entry7b.o(.ARM.Collect$$$$00000008)
    .ARM.Collect$$$$0000000A                 0x0000028c   Section        0  entry8b.o(.ARM.Collect$$$$0000000A)
    .ARM.Collect$$$$0000000B                 0x0000028c   Section        8  entry9a.o(.ARM.Collect$$$$0000000B)
    __lit__00000000                          0x00000294   Data           4  entry2.o(.ARM.Collect$$$$00002712)
    .ARM.Collect$$$$0000000D                 0x00000294   Section        0  entry10a.o(.ARM.Collect$$$$0000000D)
    .ARM.Collect$$$$0000000F                 0x00000294   Section        0  entry11a.o(.ARM.Collect$$$$0000000F)
    .ARM.Collect$$$$00002712                 0x00000294   Section        4  entry2.o(.ARM.Collect$$$$00002712)
    .text                                    0x00000298   Section       48  init.o(.text)
    [Anonymous Symbol]                       0x000002c8   Section        0  pll.o(.text.PLL_Init)
    [Anonymous Symbol]                       0x00000334   Section        0  st7735.o(.text.ST7735_DrawFastVLine)
    [Anonymous Symbol]                       0x000003cc   Section        0  st7735.o(.text.ST7735_DrawPixel)
    [Anonymous Symbol]                       0x00000458   Section        0  st7735.o(.text.ST7735_FillRect)
    [Anonymous Symbol]                       0x00000520   Section        0  st7735.o(.text.ST7735_FillScreen)
    [Anonymous Symbol]                       0x00000564   Section        0  st7735.o(.text.ST7735_InitR)
    commandList                              0x0000069d   Thumb Code   172  st7735.o(.text.commandList)
    [Anonymous Symbol]                       0x0000069c   Section        0  st7735.o(.text.commandList)
    commonInit                               0x00000749   Thumb Code   428  st7735.o(.text.commonInit)
    [Anonymous Symbol]                       0x00000748   Section        0  st7735.o(.text.commonInit)
    [Anonymous Symbol]                       0x000008f4   Section        0  visualizer.o(.text.main)
    setAddrWindow                            0x00000a25   Thumb Code   322  st7735.o(.text.setAddrWindow)
    [Anonymous Symbol]                       0x00000a24   Section        0  st7735.o(.text.setAddrWindow)
    i.__scatterload_copy                     0x00000b66   Section       14  handlers.o(i.__scatterload_copy)
    i.__scatterload_null                     0x00000b74   Section        2  handlers.o(i.__scatterload_null)
    i.__scatterload_zeroinit                 0x00000b76   Section       14  handlers.o(i.__scatterload_zeroinit)
    Rcmd1                                    0x00000b84   Data          59  st7735.o(.rodata.Rcmd1)
    [Anonymous Symbol]                       0x00000b84   Section        0  st7735.o(.rodata.Rcmd1)
    Rcmd2green                               0x00000bbf   Data          13  st7735.o(.rodata.Rcmd2green)
    [Anonymous Symbol]                       0x00000bbf   Section        0  st7735.o(.rodata.Rcmd2green)
    Rcmd2red                                 0x00000bcc   Data          13  st7735.o(.rodata.Rcmd2red)
    [Anonymous Symbol]                       0x00000bcc   Section        0  st7735.o(.rodata.Rcmd2red)
    Rcmd3                                    0x00000bd9   Data          43  st7735.o(.rodata.Rcmd3)
    [Anonymous Symbol]                       0x00000bd9   Section        0  st7735.o(.rodata.Rcmd3)
    ColStart                                 0x20000008   Data           1  st7735.o(.bss.ColStart)
    [Anonymous Symbol]                       0x20000008   Section        0  st7735.o(.bss.ColStart)
    RowStart                                 0x20000009   Data           1  st7735.o(.bss.RowStart)
    [Anonymous Symbol]                       0x20000009   Section        0  st7735.o(.bss.RowStart)
    TabColor                                 0x20000014   Data           1  st7735.o(.bss.TabColor)
    [Anonymous Symbol]                       0x20000014   Section        0  st7735.o(.bss.TabColor)
    _height                                  0x20000016   Data           1  st7735.o(.bss._height)
    [Anonymous Symbol]                       0x20000016   Section        0  st7735.o(.bss._height)
    _width                                   0x20000018   Data           1  st7735.o(.bss._width)
    [Anonymous Symbol]                       0x20000018   Section        0  st7735.o(.bss._width)
    StackMem                                 0x20000028   Data           0  startup.o(STACK)
    STACK                                    0x20000028   Section     1024  startup.o(STACK)

    Global Symbols

    Symbol Name                              Value     Ov Type        Size  Object(Section)

    BuildAttributes$$THM_ISAv4$E$P$D$K$B$S$7EM$VFPi3$EXTD16$VFPS$VFMA$PE$A:L22UL41UL21$X:L11$S22US41US21$IEEE1$IW$~IW$USESV6$~STKCKD$USESV7$~SHL$OTIME$EBA8$MICROLIB$REQ8$PRES8$EABIv2 0x00000000   Number         0  anon$$obj.o ABSOLUTE
    __Vectors                                0x00000000   Data           0  startup.o(RESET)
    __cpp_initialize__aeabi_                  - Undefined Weak Reference
    __cxa_finalize                            - Undefined Weak Reference
    __decompress                              - Undefined Weak Reference
    _clock_init                               - Undefined Weak Reference
    _microlib_exit                            - Undefined Weak Reference
    Reset_Handler                            0x0000026d   Thumb Code     0  startup.o(RESET)
    NMI_Handler                              0x00000271   Thumb Code     2  startup.o(RESET)
    HardFault_Handler                        0x00000273   Thumb Code     2  startup.o(RESET)
    MemManage_Handler                        0x00000275   Thumb Code     2  startup.o(RESET)
    BusFault_Handler                         0x00000277   Thumb Code     2  startup.o(RESET)
    UsageFault_Handler                       0x00000279   Thumb Code     2  startup.o(RESET)
    SVC_Handler                              0x0000027b   Thumb Code     2  startup.o(RESET)
    DebugMon_Handler                         0x0000027d   Thumb Code     2  startup.o(RESET)
    PendSV_Handler                           0x0000027f   Thumb Code     2  startup.o(RESET)
    SysTick_Handler                          0x00000281   Thumb Code     2  startup.o(RESET)
    ADC0Seq0_Handler                         0x00000283   Thumb Code     0  startup.o(RESET)
    ADC0Seq1_Handler                         0x00000283   Thumb Code     0  startup.o(RESET)
    ADC0Seq2_Handler                         0x00000283   Thumb Code     0  startup.o(RESET)
    ADC0Seq3_Handler                         0x00000283   Thumb Code     0  startup.o(RESET)
    ADC1Seq0_Handler                         0x00000283   Thumb Code     0  startup.o(RESET)
    ADC1Seq1_Handler                         0x00000283   Thumb Code     0  startup.o(RESET)
    ADC1Seq2_Handler                         0x00000283   Thumb Code     0  startup.o(RESET)
    ADC1Seq3_Handler                         0x00000283   Thumb Code     0  startup.o(RESET)
    CAN0_Handler                             0x00000283   Thumb Code     0  startup.o(RESET)
    CAN1_Handler                             0x00000283   Thumb Code     0  startup.o(RESET)
    CAN2_Handler                             0x00000283   Thumb Code     0  startup.o(RESET)
    Comp0_Handler                            0x00000283   Thumb Code     0  startup.o(RESET)
    Comp1_Handler                            0x00000283   Thumb Code     0  startup.o(RESET)
    Comp2_Handler                            0x00000283   Thumb Code     0  startup.o(RESET)
    Ethernet_Handler                         0x00000283   Thumb Code     0  startup.o(RESET)
    ExtBus_Handler                           0x00000283   Thumb Code     0  startup.o(RESET)
    FPU_Handler                              0x00000283   Thumb Code     0  startup.o(RESET)
    Fan0_Handler                             0x00000283   Thumb Code     0  startup.o(RESET)
    FlashCtl_Handler                         0x00000283   Thumb Code     0  startup.o(RESET)
    GPIOPortA_Handler                        0x00000283   Thumb Code     0  startup.o(RESET)
    GPIOPortB_Handler                        0x00000283   Thumb Code     0  startup.o(RESET)
    GPIOPortC_Handler                        0x00000283   Thumb Code     0  startup.o(RESET)
    GPIOPortD_Handler                        0x00000283   Thumb Code     0  startup.o(RESET)
    GPIOPortE_Handler                        0x00000283   Thumb Code     0  startup.o(RESET)
    GPIOPortF_Handler                        0x00000283   Thumb Code     0  startup.o(RESET)
    GPIOPortG_Handler                        0x00000283   Thumb Code     0  startup.o(RESET)
    GPIOPortH_Handler                        0x00000283   Thumb Code     0  startup.o(RESET)
    GPIOPortJ_Handler                        0x00000283   Thumb Code     0  startup.o(RESET)
    GPIOPortK_Handler                        0x00000283   Thumb Code     0  startup.o(RESET)
    GPIOPortL_Handler                        0x00000283   Thumb Code     0  startup.o(RESET)
    GPIOPortM_Handler                        0x00000283   Thumb Code     0  startup.o(RESET)
    GPIOPortN_Handler                        0x00000283   Thumb Code     0  startup.o(RESET)
    GPIOPortP1_Handler                       0x00000283   Thumb Code     0  startup.o(RESET)
    GPIOPortP2_Handler                       0x00000283   Thumb Code     0  startup.o(RESET)
    GPIOPortP3_Handler                       0x00000283   Thumb Code     0  startup.o(RESET)
    GPIOPortP4_Handler                       0x00000283   Thumb Code     0  startup.o(RESET)
    GPIOPortP5_Handler                       0x00000283   Thumb Code     0  startup.o(RESET)
    GPIOPortP6_Handler                       0x00000283   Thumb Code     0  startup.o(RESET)
    GPIOPortP7_Handler                       0x00000283   Thumb Code     0  startup.o(RESET)
    GPIOPortP_Handler                        0x00000283   Thumb Code     0  startup.o(RESET)
    GPIOPortQ1_Handler                       0x00000283   Thumb Code     0  startup.o(RESET)
    GPIOPortQ2_Handler                       0x00000283   Thumb Code     0  startup.o(RESET)
    GPIOPortQ3_Handler                       0x00000283   Thumb Code     0  startup.o(RESET)
    GPIOPortQ4_Handler                       0x00000283   Thumb Code     0  startup.o(RESET)
    GPIOPortQ5_Handler                       0x00000283   Thumb Code     0  startup.o(RESET)
    GPIOPortQ6_Handler                       0x00000283   Thumb Code     0  startup.o(RESET)
    GPIOPortQ7_Handler                       0x00000283   Thumb Code     0  startup.o(RESET)
    GPIOPortQ_Handler                        0x00000283   Thumb Code     0  startup.o(RESET)
    GPIOPortR_Handler                        0x00000283   Thumb Code     0  startup.o(RESET)
    GPIOPortS_Handler                        0x00000283   Thumb Code     0  startup.o(RESET)
    Hibernate_Handler                        0x00000283   Thumb Code     0  startup.o(RESET)
    I2C0_Handler                             0x00000283   Thumb Code     0  startup.o(RESET)
    I2C1_Handler                             0x00000283   Thumb Code     0  startup.o(RESET)
    I2C2_Handler                             0x00000283   Thumb Code     0  startup.o(RESET)
    I2C3_Handler                             0x00000283   Thumb Code     0  startup.o(RESET)
    I2C4_Handler                             0x00000283   Thumb Code     0  startup.o(RESET)
    I2C5_Handler                             0x00000283   Thumb Code     0  startup.o(RESET)
    I2S0_Handler                             0x00000283   Thumb Code     0  startup.o(RESET)
    LPC0_Handler                             0x00000283   Thumb Code     0  startup.o(RESET)
    PECI0_Handler                            0x00000283   Thumb Code     0  startup.o(RESET)
    PWM0Fault_Handler                        0x00000283   Thumb Code     0  startup.o(RESET)
    PWM0Generator0_Handler                   0x00000283   Thumb Code     0  startup.o(RESET)
    PWM0Generator1_Handler                   0x00000283   Thumb Code     0  startup.o(RESET)
    PWM0Generator2_Handler                   0x00000283   Thumb Code     0  startup.o(RESET)
    PWM0Generator3_Handler                   0x00000283   Thumb Code     0  startup.o(RESET)
    PWM1Fault_Handler                        0x00000283   Thumb Code     0  startup.o(RESET)
    PWM1Generator0_Handler                   0x00000283   Thumb Code     0  startup.o(RESET)
    PWM1Generator1_Handler                   0x00000283   Thumb Code     0  startup.o(RESET)
    PWM1Generator2_Handler                   0x00000283   Thumb Code     0  startup.o(RESET)
    PWM1Generator3_Handler                   0x00000283   Thumb Code     0  startup.o(RESET)
    Quadrature0_Handler                      0x00000283   Thumb Code     0  startup.o(RESET)
    Quadrature1_Handler                      0x00000283   Thumb Code     0  startup.o(RESET)
    Quadrature2_Handler                      0x00000283   Thumb Code     0  startup.o(RESET)
    SSI0_Handler                             0x00000283   Thumb Code     0  startup.o(RESET)
    SSI1_Handler                             0x00000283   Thumb Code     0  startup.o(RESET)
    SSI2_Handler                             0x00000283   Thumb Code     0  startup.o(RESET)
    SSI3_Handler                             0x00000283   Thumb Code     0  startup.o(RESET)
    SysCtl_Handler                           0x00000283   Thumb Code     0  startup.o(RESET)
    Timer0A_Handler                          0x00000283   Thumb Code     0  startup.o(RESET)
    Timer0B_Handler                          0x00000283   Thumb Code     0  startup.o(RESET)
    Timer1A_Handler                          0x00000283   Thumb Code     0  startup.o(RESET)
    Timer1B_Handler                          0x00000283   Thumb Code     0  startup.o(RESET)
    Timer2A_Handler                          0x00000283   Thumb Code     0  startup.o(RESET)
    Timer2B_Handler                          0x00000283   Thumb Code     0  startup.o(RESET)
    Timer3A_Handler                          0x00000283   Thumb Code     0  startup.o(RESET)
    Timer3B_Handler                          0x00000283   Thumb Code     0  startup.o(RESET)
    Timer4A_Handler                          0x00000283   Thumb Code     0  startup.o(RESET)
    Timer4B_Handler                          0x00000283   Thumb Code     0  startup.o(RESET)
    Timer5A_Handler                          0x00000283   Thumb Code     0  startup.o(RESET)
    Timer5B_Handler                          0x00000283   Thumb Code     0  startup.o(RESET)
    UART0_Handler                            0x00000283   Thumb Code     0  startup.o(RESET)
    UART1_Handler                            0x00000283   Thumb Code     0  startup.o(RESET)
    UART2_Handler                            0x00000283   Thumb Code     0  startup.o(RESET)
    UART3_Handler                            0x00000283   Thumb Code     0  startup.o(RESET)
    UART4_Handler                            0x00000283   Thumb Code     0  startup.o(RESET)
    UART5_Handler                            0x00000283   Thumb Code     0  startup.o(RESET)
    UART6_Handler                            0x00000283   Thumb Code     0  startup.o(RESET)
    UART7_Handler                            0x00000283   Thumb Code     0  startup.o(RESET)
    USB0_Handler                             0x00000283   Thumb Code     0  startup.o(RESET)
    WDT_Handler                              0x00000283   Thumb Code     0  startup.o(RESET)
    WideTimer0A_Handler                      0x00000283   Thumb Code     0  startup.o(RESET)
    WideTimer0B_Handler                      0x00000283   Thumb Code     0  startup.o(RESET)
    WideTimer1A_Handler                      0x00000283   Thumb Code     0  startup.o(RESET)
    WideTimer1B_Handler                      0x00000283   Thumb Code     0  startup.o(RESET)
    WideTimer2A_Handler                      0x00000283   Thumb Code     0  startup.o(RESET)
    WideTimer2B_Handler                      0x00000283   Thumb Code     0  startup.o(RESET)
    WideTimer3A_Handler                      0x00000283   Thumb Code     0  startup.o(RESET)
    WideTimer3B_Handler                      0x00000283   Thumb Code     0  startup.o(RESET)
    WideTimer4A_Handler                      0x00000283   Thumb Code     0  startup.o(RESET)
    WideTimer4B_Handler                      0x00000283   Thumb Code     0  startup.o(RESET)
    WideTimer5A_Handler                      0x00000283   Thumb Code     0  startup.o(RESET)
    WideTimer5B_Handler                      0x00000283   Thumb Code     0  startup.o(RESET)
    uDMA_Error                               0x00000283   Thumb Code     0  startup.o(RESET)
    uDMA_Handler                             0x00000283   Thumb Code     0  startup.o(RESET)
    __main                                   0x00000285   Thumb Code     0  entry.o(.ARM.Collect$$$$00000000)
    _main_stk                                0x00000285   Thumb Code     0  entry2.o(.ARM.Collect$$$$00000001)
    _main_scatterload                        0x00000289   Thumb Code     0  entry5.o(.ARM.Collect$$$$00000004)
    __main_after_scatterload                 0x0000028d   Thumb Code     0  entry5.o(.ARM.Collect$$$$00000004)
    _main_clock                              0x0000028d   Thumb Code     0  entry7b.o(.ARM.Collect$$$$00000008)
    _main_cpp_init                           0x0000028d   Thumb Code     0  entry8b.o(.ARM.Collect$$$$0000000A)
    _main_init                               0x0000028d   Thumb Code     0  entry9a.o(.ARM.Collect$$$$0000000B)
    __rt_final_cpp                           0x00000295   Thumb Code     0  entry10a.o(.ARM.Collect$$$$0000000D)
    __rt_final_exit                          0x00000295   Thumb Code     0  entry11a.o(.ARM.Collect$$$$0000000F)
    __scatterload                            0x00000299   Thumb Code    38  init.o(.text)
    __scatterload_rt2                        0x00000299   Thumb Code     0  init.o(.text)
    PLL_Init                                 0x000002c9   Thumb Code   106  pll.o(.text.PLL_Init)
    ST7735_DrawFastVLine                     0x00000335   Thumb Code   152  st7735.o(.text.ST7735_DrawFastVLine)
    ST7735_DrawPixel                         0x000003cd   Thumb Code   138  st7735.o(.text.ST7735_DrawPixel)
    ST7735_FillRect                          0x00000459   Thumb Code   200  st7735.o(.text.ST7735_FillRect)
    ST7735_FillScreen                        0x00000521   Thumb Code    68  st7735.o(.text.ST7735_FillScreen)
    ST7735_InitR                             0x00000565   Thumb Code   312  st7735.o(.text.ST7735_InitR)
    main                                     0x000008f5   Thumb Code   302  visualizer.o(.text.main)
    __scatterload_copy                       0x00000b67   Thumb Code    14  handlers.o(i.__scatterload_copy)
    __scatterload_null                       0x00000b75   Thumb Code     2  handlers.o(i.__scatterload_null)
    __scatterload_zeroinit                   0x00000b77   Thumb Code    14  handlers.o(i.__scatterload_zeroinit)
    Region$$Table$$Base                      0x00000c04   Number         0  anon$$obj.o(Region$$Table)
    Region$$Table$$Limit                     0x00000c24   Number         0  anon$$obj.o(Region$$Table)
    StTextColor                              0x20000000   Data           2  st7735.o(.data.StTextColor)
    StX                                      0x2000000c   Data           4  st7735.o(.bss.StX)
    StY                                      0x20000010   Data           4  st7735.o(.bss.StY)
    bass_amplitude                           0x2000001c   Data           4  visualizer.o(.bss.bass_amplitude)
    xpos                                     0x20000020   Data           4  visualizer.o(.bss.xpos)
    __initial_sp                             0x20000428   Data           0  startup.o(STACK)



==============================================================================

Memory Map of the image

  Image Entry point : 0x0000026d

  Load Region LR_1 (Base: 0x00000000, Size: 0x00000c28, Max: 0xffffffff, ABSOLUTE)

    Execution Region ER_RO (Exec base: 0x00000000, Load base: 0x00000000, Size: 0x00000c24, Max: 0xffffffff, ABSOLUTE)

    Exec Addr    Load Addr    Size         Type   Attr      Idx    E Section Name        Object

    0x00000000   0x00000000   0x00000284   Code   RO            3  * RESET               startup.o
    0x00000284   0x00000284   0x00000000   Code   RO          215  * .ARM.Collect$$$$00000000  mc_w.l(entry.o)
    0x00000284   0x00000284   0x00000004   Code   RO          218    .ARM.Collect$$$$00000001  mc_w.l(entry2.o)
    0x00000288   0x00000288   0x00000004   Code   RO          221    .ARM.Collect$$$$00000004  mc_w.l(entry5.o)
    0x0000028c   0x0000028c   0x00000000   Code   RO          223    .ARM.Collect$$$$00000008  mc_w.l(entry7b.o)
    0x0000028c   0x0000028c   0x00000000   Code   RO          225    .ARM.Collect$$$$0000000A  mc_w.l(entry8b.o)
    0x0000028c   0x0000028c   0x00000008   Code   RO          226    .ARM.Collect$$$$0000000B  mc_w.l(entry9a.o)
    0x00000294   0x00000294   0x00000000   Code   RO          228    .ARM.Collect$$$$0000000D  mc_w.l(entry10a.o)
    0x00000294   0x00000294   0x00000000   Code   RO          230    .ARM.Collect$$$$0000000F  mc_w.l(entry11a.o)
    0x00000294   0x00000294   0x00000004   Code   RO          219    .ARM.Collect$$$$00002712  mc_w.l(entry2.o)
    0x00000298   0x00000298   0x00000030   Code   RO          232    .text               mc_w.l(init.o)
    0x000002c8   0x000002c8   0x0000006a   Code   RO          179    .text.PLL_Init      pll.o
    0x00000332   0x00000332   0x00000002   PAD
    0x00000334   0x00000334   0x00000098   Code   RO           39    .text.ST7735_DrawFastVLine  st7735.o
    0x000003cc   0x000003cc   0x0000008a   Code   RO           35    .text.ST7735_DrawPixel  st7735.o
    0x00000456   0x00000456   0x00000002   PAD
    0x00000458   0x00000458   0x000000c8   Code   RO           43    .text.ST7735_FillRect  st7735.o
    0x00000520   0x00000520   0x00000044   Code   RO           29    .text.ST7735_FillScreen  st7735.o
    0x00000564   0x00000564   0x00000138   Code   RO           31    .text.ST7735_InitR  st7735.o
    0x0000069c   0x0000069c   0x000000ac   Code   RO           33    .text.commandList   st7735.o
    0x00000748   0x00000748   0x000001ac   Code   RO           25    .text.commonInit    st7735.o
    0x000008f4   0x000008f4   0x0000012e   Code   RO          203    .text.main          visualizer.o
    0x00000a22   0x00000a22   0x00000002   PAD
    0x00000a24   0x00000a24   0x00000142   Code   RO           37    .text.setAddrWindow  st7735.o
    0x00000b66   0x00000b66   0x0000000e   Code   RO          236    i.__scatterload_copy  mc_w.l(handlers.o)
    0x00000b74   0x00000b74   0x00000002   Code   RO          237    i.__scatterload_null  mc_w.l(handlers.o)
    0x00000b76   0x00000b76   0x0000000e   Code   RO          238    i.__scatterload_zeroinit  mc_w.l(handlers.o)
    0x00000b84   0x00000b84   0x0000003b   Data   RO          137    .rodata.Rcmd1       st7735.o
    0x00000bbf   0x00000bbf   0x0000000d   Data   RO          138    .rodata.Rcmd2green  st7735.o
    0x00000bcc   0x00000bcc   0x0000000d   Data   RO          141    .rodata.Rcmd2red    st7735.o
    0x00000bd9   0x00000bd9   0x0000002b   Data   RO          142    .rodata.Rcmd3       st7735.o
    0x00000c04   0x00000c04   0x00000020   Data   RO          235    Region$$Table       anon$$obj.o


    Execution Region ER_RW (Exec base: 0x20000000, Load base: 0x00000c24, Size: 0x00000004, Max: 0xffffffff, ABSOLUTE)

    Exec Addr    Load Addr    Size         Type   Attr      Idx    E Section Name        Object

    0x20000000   0x00000c24   0x00000002   Data   RW          135    .data.StTextColor   st7735.o


    Execution Region ER_ZI (Exec base: 0x20000008, Load base: 0x00000c28, Size: 0x00000420, Max: 0xffffffff, ABSOLUTE)

    Exec Addr    Load Addr    Size         Type   Attr      Idx    E Section Name        Object

    0x20000008        -       0x00000001   Zero   RW          139    .bss.ColStart       st7735.o
    0x20000009        -       0x00000001   Zero   RW          140    .bss.RowStart       st7735.o
    0x2000000a   0x00000c28   0x00000002   PAD
    0x2000000c        -       0x00000004   Zero   RW          133    .bss.StX            st7735.o
    0x20000010        -       0x00000004   Zero   RW          134    .bss.StY            st7735.o
    0x20000014        -       0x00000001   Zero   RW          143    .bss.TabColor       st7735.o
    0x20000015   0x00000c28   0x00000001   PAD
    0x20000016        -       0x00000001   Zero   RW          145    .bss._height        st7735.o
    0x20000017   0x00000c28   0x00000001   PAD
    0x20000018        -       0x00000001   Zero   RW          144    .bss._width         st7735.o
    0x20000019   0x00000c28   0x00000003   PAD
    0x2000001c        -       0x00000004   Zero   RW          205    .bss.bass_amplitude  visualizer.o
    0x20000020        -       0x00000004   Zero   RW          206    .bss.xpos           visualizer.o
    0x20000024   0x00000c28   0x00000004   PAD
    0x20000028        -       0x00000400   Zero   RW            1    STACK               startup.o


==============================================================================

Image component sizes


      Code (inc. data)   RO Data    RW Data    ZI Data      Debug   Object Name

       106          0          0          0          0        657   pll.o
      1792          0        128          2         13      38052   st7735.o
       644        620          0          0       1024        808   startup.o
       302          0          0          0          8       1767   visualizer.o

    ----------------------------------------------------------------------
      2850        620        160          4       1056      41284   Object Totals
         0          0         32          0          0          0   (incl. Generated)
         6          0          0          2         11          0   (incl. Padding)

    ----------------------------------------------------------------------

      Code (inc. data)   RO Data    RW Data    ZI Data      Debug   Library Member Name

         0          0          0          0          0          0   entry.o
         0          0          0          0          0          0   entry10a.o
         0          0          0          0          0          0   entry11a.o
         8          4          0          0          0          0   entry2.o
         4          0          0          0          0          0   entry5.o
         0          0          0          0          0          0   entry7b.o
         0          0          0          0          0          0   entry8b.o
         8          4          0          0          0          0   entry9a.o
        30          0          0          0          0          0   handlers.o
        48         10          0          0          0         68   init.o

    ----------------------------------------------------------------------
        98         18          0          0          0         68   Library Totals
         0          0          0          0          0          0   (incl. Padding)

    ----------------------------------------------------------------------

      Code (inc. data)   RO Data    RW Data    ZI Data      Debug   Library Name

        98         18          0          0          0         68   mc_w.l

    ----------------------------------------------------------------------
        98         18          0          0          0         68   Library Totals

    ----------------------------------------------------------------------

==============================================================================


      Code (inc. data)   RO Data    RW Data    ZI Data      Debug   

      2948        638        160          4       1056      41516   Grand Totals
      2948        638        160          4       1056      41516   ELF Image Totals
      2948        638        160          4          0          0   ROM Totals

==============================================================================

    Total RO  Size (Code + RO Data)                 3108 (   3.04kB)
    Total RW  Size (RW Data + ZI Data)              1060 (   1.04kB)
    Total ROM Size (Code + RO Data + RW Data)       3112 (   3.04kB)

==============================================================================

